// Jest Snapshot v1, https://goo.gl/fbAQLP

exports[`Render Film 1`] = `
<article
  className="small-movie-card catalog__movies-card"
  id={1}
  onMouseLeave={[Function]}
  onMouseOver={[Function]}
>
  <a
    href="/films1"
    onClick={[Function]}
  >
    <div
      className="small-movie-card__image"
    >
      <img
        alt="Fantastic Beasts"
        height="175"
        src="img/bohemian-rhapsody.jpg"
        width="280"
      />
    </div>
  </a>
  <h3
    className="small-movie-card__title"
  >
    <a
      className="small-movie-card__link"
      href="/films1"
      onClick={[Function]}
    >
      Fantastic Beasts
    </a>
  </h3>
</article>
`;
